2026-04-16 11:33:09,950-api.weather_api-INFO-开始请求天气数据: (38.042,114.5089)
2026-04-16 11:33:09,950-utils.request_util-INFO-开始请求：GEThttps://api.open-meteo.com/v1/forecast
2026-04-16 11:33:11,205-utils.request_util-INFO-请求完成 状态码：200
2026-04-16 11:33:11,206-api.weather_api-INFO-当前温度：20.3℃
2026-04-16 11:33:11,206-api.weather_api-INFO-体感温度：20.5℃
2026-04-16 11:33:11,206-api.weather_api-INFO-湿度：69%
2026-04-16 11:33:11,206-api.weather_api-INFO-降水量：0.0mm
2026-04-16 11:33:11,386-api.weather_api-INFO-开始请求天气数据: (39.9042,116.4074)
2026-04-16 11:33:11,386-utils.request_util-INFO-开始请求：GEThttps://api.open-meteo.com/v1/forecast
2026-04-16 11:33:12,628-utils.request_util-INFO-请求完成 状态码：200
2026-04-16 11:33:12,630-api.weather_api-INFO-当前温度：16.3℃
2026-04-16 11:33:12,630-api.weather_api-INFO-体感温度：16.6℃
2026-04-16 11:33:12,630-api.weather_api-INFO-湿度：77%
2026-04-16 11:33:12,630-api.weather_api-INFO-降水量：0.2mm
2026-04-16 11:33:12,651-api.weather_api-INFO-开始请求天气数据: (39.0842,117.2009)
2026-04-16 11:33:12,651-utils.request_util-INFO-开始请求：GEThttps://api.open-meteo.com/v1/forecast
2026-04-16 11:33:13,906-utils.request_util-INFO-请求完成 状态码：200
2026-04-16 11:33:13,910-api.weather_api-INFO-当前温度：21.3℃
2026-04-16 11:33:13,910-api.weather_api-INFO-体感温度：20.5℃
2026-04-16 11:33:13,910-api.weather_api-INFO-湿度：61%
2026-04-16 11:33:13,910-api.weather_api-INFO-降水量：0.0mm
