2026-04-13 15:55:41,878-api.weather_api-INFO-开始请求天气数据: (38.042,114.5089)
2026-04-13 15:55:41,878-utils.request_util-INFO-开始请求：GEThttps://api.open-meteo.com/v1/forecast
2026-04-13 15:55:43,074-utils.request_util-INFO-请求完成 状态码：200
2026-04-13 15:55:43,079-api.weather_api-INFO-当前温度：16.7℃
2026-04-13 15:55:43,079-api.weather_api-INFO-体感温度：14.6℃
2026-04-13 15:55:43,079-api.weather_api-INFO-湿度：55%
2026-04-13 15:55:43,079-api.weather_api-INFO-降水量：0.0mm
2026-04-13 15:55:43,085-api.weather_api-INFO-开始请求天气数据: (39.9042,116.4074)
2026-04-13 15:55:43,085-utils.request_util-INFO-开始请求：GEThttps://api.open-meteo.com/v1/forecast
2026-04-13 15:55:48,089-utils.request_util-ERROR-请求失败 第1次：('Connection aborted.', ConnectionResetError(10054, '远程主机强迫关闭了一个现有的连接。', None, 10054, None))
2026-04-13 15:55:49,090-utils.request_util-INFO-开始请求：GEThttps://api.open-meteo.com/v1/forecast
2026-04-13 15:55:50,337-utils.request_util-INFO-请求完成 状态码：200
2026-04-13 15:55:50,337-api.weather_api-INFO-当前温度：18.0℃
2026-04-13 15:55:50,340-api.weather_api-INFO-体感温度：14.5℃
2026-04-13 15:55:50,340-api.weather_api-INFO-湿度：24%
2026-04-13 15:55:50,340-api.weather_api-INFO-降水量：0.0mm
2026-04-13 15:55:50,341-api.weather_api-INFO-开始请求天气数据: (39.0842,117.2009)
2026-04-13 15:55:50,341-utils.request_util-INFO-开始请求：GEThttps://api.open-meteo.com/v1/forecast
2026-04-13 15:55:55,362-utils.request_util-ERROR-请求失败 第1次：('Connection aborted.', ConnectionResetError(10054, '远程主机强迫关闭了一个现有的连接。', None, 10054, None))
2026-04-13 15:55:56,363-utils.request_util-INFO-开始请求：GEThttps://api.open-meteo.com/v1/forecast
2026-04-13 15:56:01,607-utils.request_util-ERROR-请求失败 第2次：HTTPSConnectionPool(host='api.open-meteo.com', port=443): Read timed out. (read timeout=5)
2026-04-13 15:56:02,608-utils.request_util-INFO-开始请求：GEThttps://api.open-meteo.com/v1/forecast
2026-04-13 15:56:06,800-utils.request_util-INFO-请求完成 状态码：200
2026-04-13 15:56:06,800-api.weather_api-INFO-当前温度：15.9℃
2026-04-13 15:56:06,800-api.weather_api-INFO-体感温度：12.5℃
2026-04-13 15:56:06,800-api.weather_api-INFO-湿度：36%
2026-04-13 15:56:06,800-api.weather_api-INFO-降水量：0.0mm
