2026-04-13 15:40:32,538-api.weather_api-INFO-开始请求天气数据: (38.042,114.5089)
2026-04-13 15:40:32,539-utils.request_util-INFO-开始请求：GEThttps://api.open-meteo.com/v1/forecast
2026-04-13 15:40:33,919-utils.request_util-INFO-请求完成 状态码：200
2026-04-13 15:40:33,921-api.weather_api-INFO-当前温度：16.6℃
2026-04-13 15:40:33,921-api.weather_api-INFO-体感温度：14.5℃
2026-04-13 15:40:33,921-api.weather_api-INFO-湿度：55%
2026-04-13 15:40:33,921-api.weather_api-INFO-降水量：0.0mm
2026-04-13 15:40:33,923-api.weather_api-INFO-开始请求天气数据: (39.9042,116.4074)
2026-04-13 15:40:33,924-utils.request_util-INFO-开始请求：GEThttps://api.open-meteo.com/v1/forecast
2026-04-13 15:40:35,141-utils.request_util-INFO-请求完成 状态码：200
2026-04-13 15:40:35,142-api.weather_api-INFO-当前温度：18.0℃
2026-04-13 15:40:35,142-api.weather_api-INFO-体感温度：14.6℃
2026-04-13 15:40:35,142-api.weather_api-INFO-湿度：24%
2026-04-13 15:40:35,142-api.weather_api-INFO-降水量：0.0mm
2026-04-13 15:40:35,144-api.weather_api-INFO-开始请求天气数据: (39.0842,117.2009)
2026-04-13 15:40:35,144-utils.request_util-INFO-开始请求：GEThttps://api.open-meteo.com/v1/forecast
2026-04-13 15:40:36,392-utils.request_util-INFO-请求完成 状态码：200
2026-04-13 15:40:36,393-api.weather_api-INFO-当前温度：15.9℃
2026-04-13 15:40:36,393-api.weather_api-INFO-体感温度：12.5℃
2026-04-13 15:40:36,393-api.weather_api-INFO-湿度：36%
2026-04-13 15:40:36,393-api.weather_api-INFO-降水量：0.0mm
