2026-04-12 11:06:14,757-api.weather_api-INFO-开始请求天气数据: (38.042,114.5089)
2026-04-12 11:06:14,757-utils.request_util-INFO-开始请求：GEThttps://api.open-meteo.com/v1/forecast
2026-04-12 11:06:16,201-utils.request_util-INFO-请求完成 状态码：200
2026-04-12 11:06:16,203-api.weather_api-INFO-当前温度：20.6℃
2026-04-12 11:06:16,203-api.weather_api-INFO-体感温度：22.4℃
2026-04-12 11:06:16,203-api.weather_api-INFO-湿度：67%
2026-04-12 11:06:16,203-api.weather_api-INFO-降水量：0.0mm
2026-04-12 11:06:16,203-api.weather_api-INFO-开始请求天气数据: (39.9042,116.4074)
2026-04-12 11:06:16,203-utils.request_util-INFO-开始请求：GEThttps://api.open-meteo.com/v1/forecast
2026-04-12 11:06:17,422-utils.request_util-INFO-请求完成 状态码：200
2026-04-12 11:06:17,422-api.weather_api-INFO-当前温度：19.3℃
2026-04-12 11:06:17,422-api.weather_api-INFO-体感温度：17.4℃
2026-04-12 11:06:17,422-api.weather_api-INFO-湿度：27%
2026-04-12 11:06:17,422-api.weather_api-INFO-降水量：0.0mm
2026-04-12 11:06:17,431-api.weather_api-INFO-开始请求天气数据: (39.0842,117.2009)
2026-04-12 11:06:17,431-utils.request_util-INFO-开始请求：GEThttps://api.open-meteo.com/v1/forecast
2026-04-12 11:06:18,655-utils.request_util-INFO-请求完成 状态码：200
2026-04-12 11:06:18,655-api.weather_api-INFO-当前温度：20.5℃
2026-04-12 11:06:18,655-api.weather_api-INFO-体感温度：21.1℃
2026-04-12 11:06:18,655-api.weather_api-INFO-湿度：57%
2026-04-12 11:06:18,655-api.weather_api-INFO-降水量：0.0mm
