2026-04-13 15:48:21,041-api.weather_api-INFO-开始请求天气数据: (38.042,114.5089)
2026-04-13 15:48:21,041-utils.request_util-INFO-开始请求：GEThttps://api.open-meteo.com/v1/forecast
2026-04-13 15:48:23,364-utils.request_util-INFO-请求完成 状态码：200
2026-04-13 15:48:23,365-api.weather_api-INFO-当前温度：16.7℃
2026-04-13 15:48:23,365-api.weather_api-INFO-体感温度：14.6℃
2026-04-13 15:48:23,365-api.weather_api-INFO-湿度：55%
2026-04-13 15:48:23,365-api.weather_api-INFO-降水量：0.0mm
2026-04-13 15:48:23,370-api.weather_api-INFO-开始请求天气数据: (39.9042,116.4074)
2026-04-13 15:48:23,370-utils.request_util-INFO-开始请求：GEThttps://api.open-meteo.com/v1/forecast
2026-04-13 15:48:25,594-utils.request_util-INFO-请求完成 状态码：200
2026-04-13 15:48:25,595-api.weather_api-INFO-当前温度：18.0℃
2026-04-13 15:48:25,595-api.weather_api-INFO-体感温度：14.5℃
2026-04-13 15:48:25,595-api.weather_api-INFO-湿度：24%
2026-04-13 15:48:25,595-api.weather_api-INFO-降水量：0.0mm
2026-04-13 15:48:25,595-api.weather_api-INFO-开始请求天气数据: (39.0842,117.2009)
2026-04-13 15:48:25,595-utils.request_util-INFO-开始请求：GEThttps://api.open-meteo.com/v1/forecast
2026-04-13 15:48:27,773-utils.request_util-INFO-请求完成 状态码：200
2026-04-13 15:48:27,783-api.weather_api-INFO-当前温度：15.9℃
2026-04-13 15:48:27,783-api.weather_api-INFO-体感温度：12.5℃
2026-04-13 15:48:27,783-api.weather_api-INFO-湿度：36%
2026-04-13 15:48:27,783-api.weather_api-INFO-降水量：0.0mm
