2026-04-13 16:04:38,483-api.weather_api-INFO-开始请求天气数据: (38.042,114.5089)
2026-04-13 16:04:38,483-utils.request_util-INFO-开始请求：GEThttps://api.open-meteo.com/v1/forecast
2026-04-13 16:04:39,701-utils.request_util-INFO-请求完成 状态码：200
2026-04-13 16:04:39,702-api.weather_api-INFO-当前温度：16.7℃
2026-04-13 16:04:39,702-api.weather_api-INFO-体感温度：14.6℃
2026-04-13 16:04:39,702-api.weather_api-INFO-湿度：55%
2026-04-13 16:04:39,702-api.weather_api-INFO-降水量：0.0mm
2026-04-13 16:04:39,704-api.weather_api-INFO-开始请求天气数据: (39.9042,116.4074)
2026-04-13 16:04:39,704-utils.request_util-INFO-开始请求：GEThttps://api.open-meteo.com/v1/forecast
2026-04-13 16:04:40,923-utils.request_util-INFO-请求完成 状态码：200
2026-04-13 16:04:40,923-api.weather_api-INFO-当前温度：18.0℃
2026-04-13 16:04:40,924-api.weather_api-INFO-体感温度：14.5℃
2026-04-13 16:04:40,924-api.weather_api-INFO-湿度：24%
2026-04-13 16:04:40,924-api.weather_api-INFO-降水量：0.0mm
2026-04-13 16:04:40,929-api.weather_api-INFO-开始请求天气数据: (39.0842,117.2009)
2026-04-13 16:04:40,929-utils.request_util-INFO-开始请求：GEThttps://api.open-meteo.com/v1/forecast
2026-04-13 16:04:42,225-utils.request_util-INFO-请求完成 状态码：200
2026-04-13 16:04:42,226-api.weather_api-INFO-当前温度：15.8℃
2026-04-13 16:04:42,226-api.weather_api-INFO-体感温度：12.6℃
2026-04-13 16:04:42,226-api.weather_api-INFO-湿度：37%
2026-04-13 16:04:42,226-api.weather_api-INFO-降水量：0.0mm
