2026-04-22 14:27:05,805-api.weather_api-INFO-开始请求天气数据: (38.042,114.5089)
2026-04-22 14:27:05,805-utils.request_util-INFO-开始请求：GEThttps://api.open-meteo.com/v1/forecast
2026-04-22 14:27:07,093-utils.request_util-INFO-请求完成 状态码：200
2026-04-22 14:27:07,093-api.weather_api-INFO-当前温度：22.0℃
2026-04-22 14:27:07,098-api.weather_api-INFO-体感温度：20.4℃
2026-04-22 14:27:07,098-api.weather_api-INFO-湿度：36%
2026-04-22 14:27:07,098-api.weather_api-INFO-降水量：0.0mm
2026-04-22 14:27:07,098-api.weather_api-INFO-开始请求天气数据: (39.9042,116.4074)
2026-04-22 14:27:07,098-utils.request_util-INFO-开始请求：GEThttps://api.open-meteo.com/v1/forecast
2026-04-22 14:27:08,526-utils.request_util-INFO-请求完成 状态码：200
2026-04-22 14:27:08,526-api.weather_api-INFO-当前温度：23.2℃
2026-04-22 14:27:08,526-api.weather_api-INFO-体感温度：21.5℃
2026-04-22 14:27:08,526-api.weather_api-INFO-湿度：28%
2026-04-22 14:27:08,526-api.weather_api-INFO-降水量：0.0mm
2026-04-22 14:27:08,529-api.weather_api-INFO-开始请求天气数据: (39.0842,117.2009)
2026-04-22 14:27:08,529-utils.request_util-INFO-开始请求：GEThttps://api.open-meteo.com/v1/forecast
2026-04-22 14:27:10,063-utils.request_util-INFO-请求完成 状态码：200
2026-04-22 14:27:10,065-api.weather_api-INFO-当前温度：22.5℃
2026-04-22 14:27:10,065-api.weather_api-INFO-体感温度：21.0℃
2026-04-22 14:27:10,065-api.weather_api-INFO-湿度：34%
2026-04-22 14:27:10,065-api.weather_api-INFO-降水量：0.0mm
