2026-04-13 10:03:02,598-api.weather_api-INFO-开始请求天气数据: (38.042,114.5089)
2026-04-13 10:03:02,598-utils.request_util-INFO-开始请求：GEThttps://api.open-meteo.com/v1/forecast
2026-04-13 10:03:04,986-utils.request_util-INFO-请求完成 状态码：200
2026-04-13 10:03:04,987-api.weather_api-INFO-当前温度：16.1℃
2026-04-13 10:03:04,987-api.weather_api-INFO-体感温度：13.7℃
2026-04-13 10:03:04,987-api.weather_api-INFO-湿度：71%
2026-04-13 10:03:04,987-api.weather_api-INFO-降水量：0.0mm
2026-04-13 10:03:04,989-api.weather_api-INFO-开始请求天气数据: (39.9042,116.4074)
2026-04-13 10:03:04,989-utils.request_util-INFO-开始请求：GEThttps://api.open-meteo.com/v1/forecast
2026-04-13 10:03:07,184-utils.request_util-INFO-请求完成 状态码：200
2026-04-13 10:03:07,185-api.weather_api-INFO-当前温度：15.2℃
2026-04-13 10:03:07,185-api.weather_api-INFO-体感温度：11.9℃
2026-04-13 10:03:07,185-api.weather_api-INFO-湿度：31%
2026-04-13 10:03:07,185-api.weather_api-INFO-降水量：0.0mm
2026-04-13 10:03:07,187-api.weather_api-INFO-开始请求天气数据: (39.0842,117.2009)
2026-04-13 10:03:07,187-utils.request_util-INFO-开始请求：GEThttps://api.open-meteo.com/v1/forecast
2026-04-13 10:03:08,498-utils.request_util-INFO-请求完成 状态码：200
2026-04-13 10:03:08,499-api.weather_api-INFO-当前温度：14.4℃
2026-04-13 10:03:08,499-api.weather_api-INFO-体感温度：9.4℃
2026-04-13 10:03:08,499-api.weather_api-INFO-湿度：26%
2026-04-13 10:03:08,499-api.weather_api-INFO-降水量：0.0mm
