2026-04-16 11:28:49,951-api.weather_api-INFO-开始请求天气数据: (38.042,114.5089)
2026-04-16 11:28:49,951-utils.request_util-INFO-开始请求：GEThttps://api.open-meteo.com/v1/forecast
2026-04-16 11:28:51,175-utils.request_util-INFO-请求完成 状态码：200
2026-04-16 11:28:51,177-api.weather_api-INFO-当前温度：20.1℃
2026-04-16 11:28:51,177-api.weather_api-INFO-体感温度：20.4℃
2026-04-16 11:28:51,177-api.weather_api-INFO-湿度：70%
2026-04-16 11:28:51,177-api.weather_api-INFO-降水量：0.0mm
2026-04-16 11:28:51,180-api.weather_api-INFO-开始请求天气数据: (39.9042,116.4074)
2026-04-16 11:28:51,180-utils.request_util-INFO-开始请求：GEThttps://api.open-meteo.com/v1/forecast
2026-04-16 11:28:52,425-utils.request_util-INFO-请求完成 状态码：200
2026-04-16 11:28:52,425-api.weather_api-INFO-当前温度：16.1℃
2026-04-16 11:28:52,426-api.weather_api-INFO-体感温度：16.3℃
2026-04-16 11:28:52,426-api.weather_api-INFO-湿度：77%
2026-04-16 11:28:52,426-api.weather_api-INFO-降水量：0.2mm
2026-04-16 11:28:52,428-api.weather_api-INFO-开始请求天气数据: (39.0842,117.2009)
2026-04-16 11:28:52,429-utils.request_util-INFO-开始请求：GEThttps://api.open-meteo.com/v1/forecast
2026-04-16 11:28:53,663-utils.request_util-INFO-请求完成 状态码：200
2026-04-16 11:28:53,664-api.weather_api-INFO-当前温度：21.4℃
2026-04-16 11:28:53,664-api.weather_api-INFO-体感温度：20.7℃
2026-04-16 11:28:53,664-api.weather_api-INFO-湿度：61%
2026-04-16 11:28:53,664-api.weather_api-INFO-降水量：0.0mm
